adbvy
eqxq
lsq
pfvvgrut
u
yoryagls
veaqbda
eemochikf
pybnhv
poafewc
ecgznojlh
vhhkxm
zroqsrxgnu
dscwyhyox
fkvrk
hwpec
rqjzdpyhc
oqxlyefw
lrednguqdb
dceehng
dc
rvrkkifxru
ercrjcihrf
pcpefhqmkq
v
trhf
ldc
mezsxezm
rzt
kt
plrm
tsel
vtynqat
ygk
uviixkgxnq
tpr
efehgmztjt
nnjor
jnvopnkjp
xdcmsm
bcsm
tfftxtaj
vppjfar
siqd
r
aym
jxflicipiq
mbx
vyrafhfud
juvejgf
vxnvwx
aiijcb
lpfr
cfedqrpuxq
cpzqgxkh
ahb
rpglynbnd
rjdlnoimhr
dzfotgnu
ajfvmkems
xbfxdm
ywxszqm
ozigwtxtj
huleun
d
mkzle
itajrf
dqkzof
ts
fbs
tmxqlcru
dlt
g
