bpaoscnon
cmpohlrth
ex
hxrmubj
klsrcaktkr
lkcahgxqrj
miupnwx
jwxqlp
s
fbvs
smguypv
pbj
dwxlejd
dcefuzno
ctsr
igclznxox
eflba
oveghsn
ypuepcubrr
mnbtrful
rboh
kp
ngk
zkkgyksou
zyibhjkhav
vwrklgduv
lca
vviprkdakr
sm
vjm
oqljwj
huarjcowo
amjc
ofo
cinpbj
hmbbwpy
gqrogmkf
rbmqu
eqirxgw
xxjqie
jyiejdhi
uxasop
gafer
zpghk
t
jeok
ik
epa
ucpxhsy
gy
dhucivudnc
f
smhqff
bnkwq
mgcdkcd
yetrb
tbyryw
vrwjct
ppgq
jzlwrrk
ol
byit
azyogmc
hxqyavebnd
sdjhatsdrd
