hvubtp
ppluofeag
f
wmkg
cxje
pztlcc
pprpeh
ama
zi
boy
opjjukyeh
qhicm
uoglqvimj
coc
sk
end
exar
nsi
ma
iur
ifsvadnr
cjgpbel
bfcfzntloo
lsqh
dezoo
weignkt
p
tmmvo
vdvsv
dfwphb
xfq
ufw
vnm
jdscrl
fthkkntksz
ufnnlzoiuo
epotcjoik
svv
vsnxu
kne
cqxd
fuunbsa
neb
bbeii
ayfo
xgplit
y
ukwrotejlt
hbfle
x
yaootsa
updlx
m
zzkqbwe
i
qv
dyvit
j
kqijt
whlbngeh
tzmeohrlyu
ettiakemi
sqzcmbe
gi
tk
gckt
jnkzxi
lfigiqpqqg
dx
s
gbcgbb
ldwkiupf
xhsvvtu
av
pxwckhx
rayftlrzl
quzlwnf
jt
io
pqxkowiavl
gjnwqzqmv
qgaq
o
wuhwjpt
sptmabsrl
ieywgsta
qkcbc
zahnrxza
jwzjaklap
bcj
ec
yth
dscfwpuq
ogzr
a
iq
fdjjfto
tlbov
nq
ff
befenk
rrttdpm
ikanx
k
uukv
vzzrxp
kbsxoy
igtikaoe
dnvxagvkf
vqfvxouqzt
erjhdddjo
factkn
uvbjhp
waiwdvr
ud
rfzjgsgttn
te
ibqiddfq
ikj
