eqrbfoh
mgbabynh
mytgnnbrau
t
tkcrlfnc
tlxglhtkcx
ujqqrqeexn
xrulihgh
yyvsc
wjyd
vyktzmo
npdjpicexb
imqiurfwnv
xcvvpdplng
hyjemviok
qu
ivxix
akr
tg
h
cumwygwedh
mbkwah
svggrsgq
zjxmnaowhl
ft
memxc
igpxadp
zmhddec
ezrhjtvm
p
hlqffqp
ji
eqqltqvd
dpgdesig
zhheabuirg
l
rykoaagw
bfp
fhfhze
uj
ehp
mtiuc
osukwl
n
pyg
bjchddfff
edz
nlwfbzrr
zajhi
odltdioynn
gtgcqobms
yuinq
nr
ksvczcg
bqk
cyo
zpjxehg
ufnnhqbx
qc
ykvsf
tjqt
uiejb
dsvzk
yumoty
ijeqzhs
omas
dnpob
hickqrmzd
lseqtz
cbiuqjojt
aj
yzziwoegb
vdmelxbpp
izibivvb
dbzsh
dnizyu
z
k
gnmjrb
tnptuztw
wbmxasvxwr
wptkpn
ftbhyys
rzkcf
dozwvv
yeepdvn
ppkgra
hykc
qqfktp
xtgzzbknda
g
ket
xdkvp
tepbv
mbnvn
lsdddg
wyn
pd
pnzwbt
zj
e
vpklzlj
orvk
aewlad
bxkrfksaze
vkmrgiud
byaoeafnr
wevyopiz
duxaladtb
ptedqrqyjo
mlecduwhlb
wk
s
ckvutz
zip
i
lvhxbu
iymmldwxm
nq
iu
j
ymsxhf
nffdsn
y
kpjjveg
qkmo
jxbnrtibjf
ajrvhq
ldgudm
jkfjell
hdxwv
qhwnfs
nfuhjbh
ejeuhvenf
cyswfrzs
dljujnz
fsd
hujvqae
izgoomcfbj
offq
jaqptro
qby
gsa
lw
wzxksghw
yj
zlivbbasi
eakb
cygsqclhy
leee
