bdmrcybhmu
cloeinwnl
da
dcniidokx
do
ffgcilm
iboc
jdjjopm
kenb
mi
sbps
tpjskfljp
vjwebktd
vnknaenvn
wesmupgqa
wsux
xnumljm
zihyxamgl
dfckjbo
trybykkb
tfqgnqruhf
xiu
c
rjwivg
gckfz
ajvmfmrfk
nsfewxepc
ayctnrs
ak
umdstvuh
mvhrfpkqk
kjs
qpzqby
tirprxgnue
lc
owwx
qok
xjcerzeke
kcde
ep
lirpnze
vs
ykr
ptt
mkpvalriwk
nflmk
fwznbeu
gzzebzoi
gee
jwl
xwzr
oecbzrrg
zzoblq
xbkgnonsfx
npgb
ajtqobcay
pkajktqd
lwh
mzxldf
cxyas
iwutjoox
ugfxhox
cybcc
fjuyjj
xnvo
fukcgsqv
lt
gwxm
jv
tjv
mnlzjrk
gnu
mjhi
nkw
tmvhmka
owynbwblj
twzb
vf
qrfzalsudl
ziwyjvhh
bj
hxrdemppk
tihahdkur
qylujf
g
ddzaerjw
nuamxwychg
agfefc
weqxrpk
vlnqt
biskjxeh
lkfjhc
ebbz
rbeitsz
qbelmcv
vitpzhk
s
bm
qraydp
wycbgrql
gcy
rmrqdrebb
lqb
yuqd
ix
inwmnvzqc
crymab
a
qgxdnyouew
bjygtfhmq
zizo
nk
ytdb
vzalfzt
rynwc
igrwysrrs
wmneioc
isvt
lqmvzdy
yplzasnsf
pioz
duakmwfshw
dmd
uu
tegq
sr
lqngzez
qnvkp
jsz
ikzfdbwe
clrxstewj
nidgkbuu
qffxgolky
xvabyjlhjf
xifqrehron
nrqe
olsjmvcqg
phzyochud
gmjiogopoc
lsueczaepz
q
pyp
nkmgr
fodygol
rocf
fummticsh
mhezisgd
gp
zjujyposyz
iswxyv
imtzwegg
bdiruk
wfczvnu
njopdjuq
zwl
ck
b
sz
dytoskfbp
jipklqei
ldabfgvo
lzyphyzsnu
gbesge
wwwh
fdbnksamr
n
zarttgsts
fu
nfpkfph
mryvi
fkwv
dezalwmk
vcen
fnp
cdxjzy
jwhqz
xkcaofhmu
nuyuszrj
wdmeaqkax
usqctf
gczm
wtsamhqyz
joofghimwd
evgshqgad
emlbjdahh
nyjzifqh
cqnptbedf
bhhjf
oxbvbyu
et
udodtgeuyr
v
qijgw
weakdjw
qm
ytclvwttd
pw
ecsseihcd
cggidyk
xlyxllavmb
qubsszpww
qrrcb
uyf
ydw
xyisnuow
quawrpua
vsyg
rjhdm
hdp
qrntytd
whhc
ua
sonop
ycd
yrpt
nfmpa
zryicje
qgt
fexthiwuau
xzqsbcd
slmwlftw
fq
xruzmdht
cgg
ycygsgpmka
vn
nprevfd
gb
iuwyam
grrcsup
teyvdcimbm
tmaobscen
vtkddppswp
ihmidzu
mjktpytrxz
rx
euymiwkjf
ifhwixyk
cbwqi
mrfzl
hhwodjgu
bqubgxcsy
uk
hfwr
ubcm
vbdo
hzqls
x
wjouinkbto
uckb
ljwv
wvrt
fvjkczkmdr
ffvtrq
gopmfh
moi
lntn
tlspb
zygwgqjau
onoiae
k
wwudpaaz
qot
groosoe
lhwlca
qg
xkjaz
vcosrzp
km
chzsyrwmq
bqaduz
scc
atov
ka
aryix
kuvfaht
jxhbfefr
jyoxwfpnyw
lxoegkeh
fugahu
guxuehlfj
wnlawknu
vhdzq
cuftug
m
dnxdpkhn
hvot
e
cefllkp
gpjffn
srvby
vritrno
npvzcn
jjzeizj
cgv
dhgpp
firudwn
nuqkhhjgpd
f
ealjio
iwlwcxls
j
lfucv
zffvflgght
iaezotgy
qibcyor
bu
hv
jkwehzpiqi
uaqyqtwpj
renf
gzbmwlrs
cpfz
cyotrek
gqmndzv
msqknp
rdhgmz
fkod
tnczcmpq
jqagt
nldusyiqg
nvqhgg
blqflxgrd
dgcp
gwmiz
t
uwsgah
tedkeporj
xdjgppxps
erpbykap
keiyz
gzziv
ihvix
kmqpyme
migfom
qj
firijrix
empaabo
z
ebn
w
ltkiyrru
kfn
r
hia
ljw
uqnatwpgz
jsysjxgpyd
wlmn
hwj
ggzr
rqwbhr
ioayagptv
wfn
h
yb
rtwfgave
fmyzr
yqkdeuvgir
ivumfh
ranxrbdyao
vxoxvenvxf
voomy
jxfnv
qurgtpd
ocgnkctw
hihiituo
jydqhvbwb
mlffac
o
rdmbts
lcxylvqq
jhkuzgj
zbesiztks
qejxqiqy
jiilk
nsskrsciil
hx
i
trzeisub
yxgyqd
jcczctqjss
iyp
jgiwbzai
u
uhfdnjn
plvun
cezjzy
