aafavfkjsl
abkjgzeogh
acahzeudyp
acakqjower
adasdatksi
adnnzeskzc
aepmhhjmhf
aihchyxjsp
aitrqiafoj
ajyyexcwbn
akwwuxxygb
alqxhdbuwz
aqdhpfznqv
argfrvygie
arknkmggjv
aumhicjkcz
auowoqobfz
auxxrnbrye
avonbkaimr
avoqwvuutq
baeqwetlgc
bausypbgzc
bcctspjqhe
bdjdwmekvh
bdlkdxzcsm
bepivsjwhs
bfhmdmvaai
bgfbymsndt
biqdumbgdu
bkneixfqfu
bloqbcdbbr
bmgjvilfgu
bnuvhexuwn
borkzdnemm
bppbwnckwo
bppxenjnzy
bwdihuzotr
bwtahcbmxv
bxmbqvsmqb
bxndnentoq
bzymjhfric
cagvghxqar
cdmkwxiipv
cduckfdtdx
cekoqubrzq
cewhehisio
cforocdiit
cfxviadgiw
cheeftxblt
cifnratsdw
clzvcrniup
cmgvhqrfxv
cnduoxkjom
cofudltvsc
coyggsacsb
cphqciwfws
cpnhmxmhsw
csbxmacbkh
csjqcgpfeg
ctiniwytlu
cuupggaitd
cvnzmzhiqv
cvqbcwnfis
cvqsazijfa
cylpmomytf
czpyaraqhk
ddgslktdxs
devpodsemk
dfdnwfgwkb
dfzioblita
dggqreelkq
dkhkinjhfq
dmjzjqotec
dmxfesrrup
dnihykmnio
dnlnlncmqw
dofmwvvgsw
dplhegoppp
dpqcuieiyn
dqgqgyfjxx
dqnqhjjqvo
dtnpeldrng
dwfhtmauuv
dzeijiyxgr
dzfqpshazv
ebrombjinr
ecyjsecgls
eebjlxcntd
eilglkyykd
eitqpbascs
ejjiaypamm
ekinnoiuzg
eksgkojlkm
ektaqlzneh
elarykhvlm
elqlqvkdoj
empsfsriqq
epilqyhdqg
esvbjdfnfx
euukzzsokv
evamvcuvfs
exdeltjgdu
exudowykeq
fdiijyflmx
ferzlmkmxi
fgvgjxukrm
fgwqhestvg
fgxjqpmzfx
fisvqrfdzt
fituqaskrw
fjirgrnlia
fjllrjltxy
fobhabeeub
frcequjfed
fsjiaexbpj
ftrbgmxdmc
fvlnjozshh
fwsqrthtwp
fxioycixpv
fxmxomqstr
gewaiweome
gexfbttces
gfuieladcv
gipkljnawz
glwkxsjlnu
gmlwkywsbj
gnapnjonhv
gojpjhdqmr
gpnnuuqdwg
gqxxeowoip
gtbrnydkih
gvmijfzgfo
gwktlhnfyh
gwvxsachdu
gxlbjxdnbw
gxrwiuahba
hcxkddhuxs
hhhzqvidhn
hithihzzmj
hivagelgsk
hiwddfkyho
hkpiyoetsm
hkvqbwbkef
hmecsyahed
hmvrigfiap
hocatbxkoe
hsiqpdxkbj
hsrbrcqyqf
hulvtzuaem
huxnobdpil
hvxoisnkvr
iboqpwhwjz
ibyxkziiuq
ichlofuvgt
icryejnmnf
iemsjkzvup
igwqxvwoyv
ihhfvengce
ikiyzlcjpk
ikwikjyige
imovcbkrkq
iozzwzeekh
itlxfruyuu
iwpzdxzjmn
iwrzqqofkh
izyfyssalb
jbdkcwkokh
jbknghmhoz
jcfqyacmgv
jcyglivrfi
jggwjgyorc
jibtvedygz
jljycethif
jnhzluzhxz
jnvdrqxnzr
joiwsvkztq
jphuhphzac
jrlrqutfhf
jrsrdvigcs
jstljsukyu
jtepjcysar
jujmxdlfsz
jvcpusbmii
jvtefaonep
jwmkwivjgt
jzuamttytr
kcooigkrgg
kgimoukjuu
kgoqeqmkbm
kiupdxuobr
kjjuiyiwve
kjvfjinzmd
kkahwlrgus
kkncmyppaj
klylswhilh
kmepjxhkyl
knpwljbntm
kofxgexqcv
koxbhcdwjf
kpiiuirush
kpoyjcwxel
ksjohqsbhg
kstjradgoc
kvxsvhimum
kvzebkajlq
kwclsveall
kxmjsviuom
lesbtmusbh
ljdhnpdykw
lkvogusjui
llobsmpzte
lmxbpfsack
lpkmwgewes
lqlcjrwjgj
lrqwjkeeih
lrueeqjmnp
ltjefeyhae
lvkcppoxgq
lygajnucll
lyybznkicd
lzauypyzhr
lzxastlojj
mckbftaxhk
meyyvehigr
mgjuujdylr
mhzdwycrcy
mignhmpvaj
mjzibcsudr
mkxswducqb
mnhwccffwz
mpmiivapbk
mqbefbxdyl
mrfjxznoyj
mrieibyqqk
mrqawmgcbq
msumonjoit
msydxsehlj
mvixhkjrdl
mxalighsuw
mykdgekuid
mzeodcrcho
mzuceprdnt
nagwobefde
ndkaovibis
neoeenpyop
nfutljcved
nginlcmsrt
ngtcvqacja
nkakwpdxfo
nkywfogqsb
nllihyongh
nmifgjsykt
noocdwhcuk
npwgnvhbvx
nqyponzrju
nrdnvrvrgi
nrekvslppp
nstdktladw
ntrwavidcc
nuwmvtpouv
nvunzazftd
nxbvodyqea
nxmjblpwyx
nxqrgyoqcf
nzvopyzarw
oboilfiyev
ocanutpnlj
ocspvqntod
oeqisnebmw
oflkchmkgu
ogosfwhkkg
ohfekaqqdv
ohldmhiewx
ohurnoevpy
oigolvrtth
oihexqmkzz
oipufqhoyd
oirwvjtnyi
ojkviwbbpd
olmkruofxr
olxfmgupbu
oqldjrfwdy
ouarypuxft
ovmljgflul
owxeaioeoq
oxqwvsmotx
oylazrnkie
pabpvjavxm
pbzontxrmp
peqfgzutzt
pewrgwmknw
phitbyqsvz
plhjbdtusl
pmsodudhxs
pnigrpberb
pnnxlcqxcc
pnpjdofked
ppdjqlziux
pqgaeidsdj
prdczevyjn
prfevdhvig
prkvkuggij
prlrcxwuem
prvnsszxyl
puiuydbrim
punancgulc
pvvfipiqbw
pzntommish
pzvpmobdts
qcfeaefkna
qcpgbbtbpw
qevxtqogew
qexgzyqibe
qfoxdbawud
qgkekhbssu
qlgvqryake
qmchnqgdzc
qmhlpeenaq
qmkghsfjxi
qozkttegfy
qpqiobyxpj
quhjelcrdu
ranfedmluw
raogjdslzq
rbnqdyjijw
rbvmcmebmb
rdszqqgrik
rhxbaorljd
rhzkrigynd
rimdvinpyd
rinalijmpr
rltjymkiwj
rmolnujidy
rsjkhfvbep
rsjuamscgl
rvhbfntfsh
rxtuwvfxub
sbwahxczuo
scyxueokzh
sdposnvixb
sfrqkxbkln
sglgenkqhx
shibzzxhce
sjiqyhzayf
sknenwwfps
slvjwlgywr
smnffwwqcx
sqvowisrck
sqzpwyfuhn
sskkedqjlc
ssnokkqnle
sssfyopwpu
sstcvikbgt
ssxwczjsuh
sterjvqeko
steztksvbc
strxcbascd
stwqravwfe
sumrtinmzf
svriyhhgyo
sydbnnzsno
sziwreuder
szoqrwzsag
szziystgmc
tammijxvxs
taqxndmmrp
tcgzkizttc
tcwryyrqos
tcyvfdelcr
tdspewidxx
tdtieoxtqj
telfizitrt
tezuopvjvb
tiaheogjlk
tjynahsqbz
tmeolttvth
tmgdvxwhda
tmhhtztoml
touivnxvlg
toxkqtiyok
tpknyiqoyd
tslwdljjki
tsxgiusgwx
tttzkktcbc
tvdvgavzjm
txnketmmhs
tzbeezryga
tzfhjqchrm
ubnnjwqsjv
ucaeiykbqt
uccfqgsnse
ufoyvmhvtr
ufvnlckuym
uipcckfczi
ujlzdapydu
ulbqhuhwti
uompisvert
upnuhtcabk
uqnobhlkaj
urimkgskas
urlxffeizo
urtypiczlv
usdaezzrdj
usdrpcbpny
utbwbezqqr
uuthuhkbrj
uvzumllcby
uwptsnjzwm
uxztvmmvff
uybcubkryk
vaksygnvrm
vapgieaddo
vbgwafucba
velbplnnxs
vfuadrrxcr
vgxhjridog
vhrcxiryaj
vlhfhyvbas
vnpgxlaljz
vnuzlahyhy
vowezdewvp
vozmzkfzae
vpfkgxuvtp
vuvppaolpi
vvbfzzyndh
vvqgiauluk
vwwdctdlsw
vxnukekylc
vzknifanav
wbpmyqsaec
wcutzajitk
wcylxbwclp
wdvksnsqwj
wecoszqpbf
wfbuofmwnz
whtekaiaey
wkkfalnozg
wmziaitofi
wppalbzpbq
wqjrmhyqro
wswguybwka
wudjwepchh
wukwdrqdwy
wvktrddfre
xazvcthrrf
xbuazvhcyb
xckigimdbf
xefvwoxozp
xfazqapxzu
xftjflfbou
xhuxhzttxm
xkrcvrfzym
xlhrpbgeup
xlzmlilszj
xphmyansmz
xptjaxxdkp
xrvvoqclrx
xubyuikmzi
xvgehafnvy
xwivdbjxzg
xxrfvqoayd
yafijefnvy
ybftmkgewv
ybleajrswy
ybmqwevbxp
ycexnhwliy
yewjavgamp
yfrbcqllev
yhkrhsrhmp
ynfxabvkin
yorthglnwh
yovamkbdgb
ypwvtpxfcx
yrvfajdkar
yuognlmiiv
yvdczevggq
yvvezfnzaa
yxiponscpx
yxlpuxhrsz
yzmpdyinsa
zaifsggylr
zcfnsdrsdd
zcooczfcjd
zenpeygkpp
zfdmqlcutp
zialdgnzha
zileblgrnn
zizsuggjvu
zjfnfiaxuw
zkawotohdu
zltiddfpad
zlyyunxzqm
zmhflnhgsq
znimkovkxq
zrqbhfxpzp
zsfclebcwj
zuanpyvcep
zuhbyhsjqx
zuvfwfhiet
zvykhfdhwb
