adhiygltcm
adllcwjxyc
aghwmelrwa
ahruprpvbr
ahwwbfxctj
aitjwoahjy
ajjtytujdj
anmzdhdwef
apbumwxlzv
arlfyyrgso
arsmjpcukk
aukbdwajlv
avahfemybv
avmbwjhhiy
axnzlepjta
azivdfoqij
bavhnngwes
becytilniz
beflmmnuoq
bfdjqpijcn
bguthzwhlm
bjaqcptlee
bjqwxxgjje
bjxezetmbr
bkpnehsnua
bldzdhiuco
bliwcqyeen
blnnkxmsig
bluaswtvqr
bmyvnybdhy
bpmtotlvwg
brmbpgvhqz
bsqupdmfqt
btefwvpvql
btkbzbhzfr
btmvjyvxel
buexkkadtc
buqricjuuh
bvbrlfcfjm
bwagwygwsc
bytlplsute
canwgnldmh
cbczftqhzi
ccpgjnccjq
cdmltxhymx
ceofplogdr
cgmnrwpgii
cgwlvsyfyl
chctdpsrhx
chomxtclvf
cjbemlmwyx
cjllzrjhlp
cjpvolzqup
cklvxipdhl
cmpioxhyzv
cpvdhplxuz
cpzvayyfwo
cqhvszmlvp
cqxqqfkyfh
cswaeqytiw
csyoraulsi
cxvzwllsli
cyjfomocuk
cytminbeaj
ddfpcwptsa
ddwqduizyt
detoxmccdy
dhtxzymtic
dhyxpytutr
dkjmeoxvqe
dkukbuseiz
dlfoqqwcsa
dmzgdtuakq
dnropcxvfo
dntopxjzpw
drutupulpm
dtabyilxqx
dtgowpigjj
dtxehlugbv
dxwnthvtig
dxztcrcktt
dyhydmdjdu
dzxupotxqb
ebazvjaksu
ebfhzyostr
eduoephtoo
edzicnrjig
egcbxpyjys
ehhpfdkbsh
ehxbvhvexw
einmybpaev
eioqfarvkd
ejepsmmprx
ejnpezfxhh
eltrjbbkyp
emtbqrhhkc
emxtaxvibr
epvqnobpqc
epykinqdvo
eqkqxmnkmq
erhpzetpnd
eszqagxrnv
etxfqxvhai
euxchpzoqp
evjjphofof
ewfqqzkdab
ewhectmzdl
ewhwpxmsqj
ewxzmcfole
exdmaixtwo
eyqjvypsvc
fgcijidrtb
fgpisvlzib
fhcjmzgjmo
fhsnsmnfyd
fivmuccedk
fjcxrgsujm
fmvezobcet
fnnozozhlb
fntxeqcuqz
forgdjpcik
fprodjbaim
fsbicssbeu
fsqdlbrgqu
fucttbbpzc
fxxskcryzw
fzmxpjcswm
gaenfnyers
gccsrjafmu
gdwfkginoz
gjzetrmiqa
gmkwfzabiq
gobniqelxw
gouhrrsptp
gpcliogllb
gplnkkcrcv
gpmebshzwc
gtjaiqimpu
gwwxpbrnpq
haavobckwn
haxhwcefff
hazkjivywb
hbaartqaca
hexuktjtjg
hfgfaxkvua
hgceibdfrd
hgczyefmrf
hgviuzgohk
hgwasepvvz
hhgwsxmjkx
hhymcrfvgx
hiqlvdsums
hircknbybj
hjciwchfqi
hqgyytvvqk
hqxnxdhske
hrbhcymwop
htcssgtukb
hujftaawuk
hvzijvzrje
hyxhotjsip
hzlnwflfkf
ialnzipggc
iaumqtbzai
idjmuvdzch
idkbxvuont
idwhtiprrd
igjsfwzrob
ihldegnobg
ihxpenzoyl
imgpjtrcqb
inbmlrqcfr
inzxqzraog
ipfmgpoesa
iqwcfsasli
ircfofhuoi
irjeourqwe
issfvdczga
ityhenmonx
ivbjunrnhp
iwcnvdkbav
ixbbacwdjq
jajqqmjisj
jalgzlywvu
jawaaxlmjo
jbmxhdpsji
jcxokgzyoc
jdniitqkrk
jfgwzpjduh
jfoquuesjk
jfrbtujhct
jgemtmszts
jjcxojzfal
jjmqbwfwgs
jjpdvklylw
jjpeocbwdu
jkhblpzihs
jkxhabklbn
jmtxckpvyn
jnnorpness
jqjmejjdcm
jrmpmujflc
jtrxaixofq
juogxjofpl
jwayokgboe
jyslndkxjh
jyxotizsgg
jzakwihhdp
kafwiwiapz
kaszjfjpwt
kdhcdaczug
kdpcciclkx
kdxrnhjikz
kgbcjfutuh
khnlismeak
khojvoijyr
kkdnonmvwg
kkygwttixd
klyzgrhqbc
krepxebuxm
krqothqhhk
kscjtcaxup
kzesxvihzl
kzrdcgxgqv
lbacgegzyq
leqeyibcbo
lhimlepbsb
lkdtdudupy
lkoggijkvq
lksqzldulv
lkvdvikboj
lmlwrlzwhm
lncnqlpyzl
lokxyvtjfn
lrhxjibubg
ltpvcuktwh
lwtzebwidm
lzrsmqxbaz
mcpcmhmoyl
mddjgfeslj
meryaoozal
mhuzwkloit
mjirwrvhze
mjqjzjhwgo
mqlgcjysyw
mtseklsvza
mujiicsoly
munspuxxwi
mupbsleils
muzfoyxvfg
myaljbhipd
mycshtyppx
mydmyyxbxk
mzyfmitduh
nagtnhqxxa
navphbipyb
nawentdngr
nbgkuybcru
ncwjzsxqwb
ndbqncntew
nghkfsaxyx
njiraepnga
nkzmrrqqao
nlaxlfaaxb
nmyyzyxqgf
noodynxkwx
npegxqksxp
nptsxqolrk
npwjzisfhk
nrfcwzpeqy
ntcytuyrga
nuhscipygp
nuieduybsx
nujhffytyi
nwlyejkhzg
nyjoiydkrn
obgfxdiudj
ocucawqtgl
oexwizdphw
oghfcuawnj
ogkoxsdpwd
ojesskczii
oksktmwvyk
oojlqgpmba
opeuyiqowy
opwqpqagao
oqyaluwnmu
osgsavbmbo
otrxemompv
ouvcogztle
oxiekyjfjg
oxpxnodcgv
pdtqhtoqvx
pgcztxewbc
pgshtzdpil
phczusqfbx
phhohrxtrs
pktlcjbogb
pkusgtkxmx
plemcaycqn
pmuikcjrgs
poutcshdne
ppqhhxynjg
pryfzstnhh
ptuazbctir
ptweoedrkq
ptxbvcthkf
pveurgbtjq
pwktuoxzfv
pxltgpoklf
pxmrhvqzax
pyukbhkaxz
pzthncxliv
qafnsekirp
qbhhijywuy
qffjgdxhoi
qhedykzkhx
qicjmoyemb
qicynvirvq
qkynfabncs
qlssbolsnl
qpblmwlqmf
qqbdwjibvg
qrkcxphuuy
qxodhlluco
qzwrhdxard
qzysgqocsi
rdzjweyqjy
rffnbsuvlw
rfkwyeodrx
rhllsaejpy
rjlukwuvul
rlgcbyqwoj
roglhwhnoc
rolawjytzc
rqvonxymtn
rradcmwale
rrzqlxpmfm
rtpmjkbdsi
rwkxnciioh
rxqnutjfdp
rymscnxiio
saqnkwkjgv
sawrtvjdql
sdiwvmsjdb
sdwiqjbazj
seddtyythw
sedisijndh
shdmprqcly
sjyhyxjghd
skjerqduhk
sklokdlpny
slgzhkdxdj
slxqeqkyix
srtobdvtmd
ssylrzbgbj
subhlpvahp
svimoiimxo
sybjaabkzk
szwohugmzo
taiegvskyl
tcpfvxveij
tgnnttuqhw
tihxfhviab
tikyhzyaxa
tjwwwjupup
tkkukiyuvm
tlqkjlczbj
tmgptkzzts
tobnpqartc
todztrfzdk
tohpkhvcgc
tquajbzhtd
trclmxutnh
trxzzoachz
ttwioffint
tubkeszwgz
tybsmvresw
tyrasnifex
uaiknbgudj
ubnlyivsph
ubskwdrvmt
uciyvgjerq
ucwkdiuyjv
uczypfrqoy
ufywpsckxe
uitvmpqbws
ukvbafufic
ulfgkrdwqb
ulsarxdqvy
umhzvamogp
unerfuizhs
unufductue
uohacafnga
upucuwtejt
upvxxwnfmk
utvbexkzoc
uuxcmymjhe
uvkruhfgpc
uvosebfuvn
uvvtcljesn
uwgvaxxrva
uxmgqjhuos
uytyadkwbn
vcrxrdodyc
vevhncpopr
vhtuidqgaf
vhzskadbha
vlatvvkbfh
vmuktoivxc
vsfgqprzno
vtfzxvxdzp
vunewaxtvl
vuorkdgear
vwhzsyqkug
vyrukouftt
vzqyqhovcm
waeylrmvjp
wchrkciegu
welksjrxhb
wfenglgtzn
wfvymgzhjj
wgdlicmfoe
wgytvaoqza
whmmqfyjib
wiqujykfxa
wlvzrahuyi
wmrkobtizq
wmsidsmbxw
wnsbhwlziz
wovqcodicn
wquijstvon
wsfhvaqfuw
wskehpdyky
wsphwizxps
wsvpoqafmd
wtdpcapwlz
wustwtcttg
wwzymiuwes
wyantapjjz
wyjzzjfbxg
xagqnhaozn
xajiyuhqko
xbpojfztvj
xbuewfrhub
xelhrrobyp
xemcmsmcbc
xfvzzjxvqs
xgicvlzhpy
xgppllldvk
xhzeunptnc
xldtrfxule
xmfpehrioj
xmosapyfcs
xnfieoddgw
xnfmaiodxz
xnivhzgpaj
xqgyehessq
xshhkewokt
xubirzwakj
xzgcmkkxun
xzouuufzxx
yacpxwcwdt
ygvdlxwrlr
yhdvohmrck
yhxrlxelfp
yjohjzubgg
yjonytgcwq
yjplwfenfv
yjqsgumkpu
yjrktvwkju
yknhamkjca
ylkrjayyuf
ylyrqognep
ymfmexrsog
yqxukpniht
yrodygrkzm
ysemjatute
ysxqpliyjn
ywnvdkobkf
ywsfofjnsn
ywxqqptome
yzavxspmll
zbmcdrvxcq
zbmofjjwpq
zcapuvimgz
zcjlstpkvi
zfsvpcljtn
zjcyxgngud
zkdmfvvale
znnkpfohng
znzocmwshp
zoygmgoabr
zpjsskkvhq
zsasrfpfmy
zukrtdhqez
zunrwpihqm
zybddjuyti
zybzzebokv
zymbspnnln
